../Core/Src/main.c:91:6:HAL_UARTEx_RxEventCallback	16	static
../Core/Src/main.c:105:6:HAL_UART_TxCpltCallback	96	static
../Core/Src/main.c:133:6:HAL_UART_RxCpltCallback	16	static
../Core/Src/main.c:154:5:main	112	static
../Core/Src/main.c:269:6:SystemClock_Config	120	static
../Core/Src/main.c:316:13:MX_USART1_UART_Init	8	static
../Core/Src/main.c:351:13:MX_USART2_UART_Init	8	static
../Core/Src/main.c:386:13:MX_GPIO_Init	48	static
../Core/Src/main.c:428:6:Error_Handler	4	static,ignoring_inline_asm
